Archive member included to satisfy reference by file (symbol)

e:/ide/stm32cubeide_1.4.0/stm32cubeide/plugins/com.st.stm32cube.ide.mcu.externaltools.gnu-tools-for-stm32.7-2018-q2-update.win32_1.4.0.202007081208/tools/bin/../lib/gcc/arm-none-eabi/7.3.1/../../../../arm-none-eabi/lib/thumb/v7-m\libc_nano.a(lib_a-exit.o)
                              e:/ide/stm32cubeide_1.4.0/stm32cubeide/plugins/com.st.stm32cube.ide.mcu.externaltools.gnu-tools-for-stm32.7-2018-q2-update.win32_1.4.0.202007081208/tools/bin/../lib/gcc/arm-none-eabi/7.3.1/../../../../arm-none-eabi/lib/thumb/v7-m/crt0.o (exit)
e:/ide/stm32cubeide_1.4.0/stm32cubeide/plugins/com.st.stm32cube.ide.mcu.externaltools.gnu-tools-for-stm32.7-2018-q2-update.win32_1.4.0.202007081208/tools/bin/../lib/gcc/arm-none-eabi/7.3.1/../../../../arm-none-eabi/lib/thumb/v7-m\libc_nano.a(lib_a-impure.o)
                              e:/ide/stm32cubeide_1.4.0/stm32cubeide/plugins/com.st.stm32cube.ide.mcu.externaltools.gnu-tools-for-stm32.7-2018-q2-update.win32_1.4.0.202007081208/tools/bin/../lib/gcc/arm-none-eabi/7.3.1/../../../../arm-none-eabi/lib/thumb/v7-m\libc_nano.a(lib_a-exit.o) (_global_impure_ptr)
e:/ide/stm32cubeide_1.4.0/stm32cubeide/plugins/com.st.stm32cube.ide.mcu.externaltools.gnu-tools-for-stm32.7-2018-q2-update.win32_1.4.0.202007081208/tools/bin/../lib/gcc/arm-none-eabi/7.3.1/../../../../arm-none-eabi/lib/thumb/v7-m\libc_nano.a(lib_a-init.o)
                              e:/ide/stm32cubeide_1.4.0/stm32cubeide/plugins/com.st.stm32cube.ide.mcu.externaltools.gnu-tools-for-stm32.7-2018-q2-update.win32_1.4.0.202007081208/tools/bin/../lib/gcc/arm-none-eabi/7.3.1/../../../../arm-none-eabi/lib/thumb/v7-m/crt0.o (__libc_init_array)
e:/ide/stm32cubeide_1.4.0/stm32cubeide/plugins/com.st.stm32cube.ide.mcu.externaltools.gnu-tools-for-stm32.7-2018-q2-update.win32_1.4.0.202007081208/tools/bin/../lib/gcc/arm-none-eabi/7.3.1/../../../../arm-none-eabi/lib/thumb/v7-m\libc_nano.a(lib_a-memset.o)
                              e:/ide/stm32cubeide_1.4.0/stm32cubeide/plugins/com.st.stm32cube.ide.mcu.externaltools.gnu-tools-for-stm32.7-2018-q2-update.win32_1.4.0.202007081208/tools/bin/../lib/gcc/arm-none-eabi/7.3.1/../../../../arm-none-eabi/lib/thumb/v7-m/crt0.o (memset)
e:/ide/stm32cubeide_1.4.0/stm32cubeide/plugins/com.st.stm32cube.ide.mcu.externaltools.gnu-tools-for-stm32.7-2018-q2-update.win32_1.4.0.202007081208/tools/bin/../lib/gcc/arm-none-eabi/7.3.1/thumb/v7-m\libgcc.a(_arm_muldivsf3.o)
                              Core/src/lcd.o (__aeabi_fmul)
e:/ide/stm32cubeide_1.4.0/stm32cubeide/plugins/com.st.stm32cube.ide.mcu.externaltools.gnu-tools-for-stm32.7-2018-q2-update.win32_1.4.0.202007081208/tools/bin/../lib/gcc/arm-none-eabi/7.3.1/thumb/v7-m\libgcc.a(_arm_fixunssfsi.o)
                              Core/src/lcd.o (__aeabi_f2uiz)
e:/ide/stm32cubeide_1.4.0/stm32cubeide/plugins/com.st.stm32cube.ide.mcu.externaltools.gnu-tools-for-stm32.7-2018-q2-update.win32_1.4.0.202007081208/tools/bin/../lib/gcc/arm-none-eabi/7.3.1/../../../../arm-none-eabi/lib/thumb/v7-m\libnosys.a(_exit.o)
                              e:/ide/stm32cubeide_1.4.0/stm32cubeide/plugins/com.st.stm32cube.ide.mcu.externaltools.gnu-tools-for-stm32.7-2018-q2-update.win32_1.4.0.202007081208/tools/bin/../lib/gcc/arm-none-eabi/7.3.1/../../../../arm-none-eabi/lib/thumb/v7-m\libc_nano.a(lib_a-exit.o) (_exit)

Allocating common symbols
Common symbol       size              file

data_C_S            0x2               Core/src/alternating.o
F12                 0x1               Core/src/alternating.o
F5                  0x1               Core/src/alternating.o
P_S                 0x1               Core/src/alternating.o
data_D_B            0x2               Core/src/alternating.o
F4                  0x1               Core/src/alternating.o
F9                  0x1               Core/src/alternating.o
huart3              0x40              Core/src/usart.o
F1                  0x1               Core/src/alternating.o
F7                  0x1               Core/src/alternating.o
data_D_R            0x2               Core/src/alternating.o
uwTick              0x4               Drivers/STM32F1xx_HAL_Driver/Src/stm32f1xx_hal.o
pFlash              0x20              Drivers/STM32F1xx_HAL_Driver/Src/stm32f1xx_hal_flash.o
T                   0x1               Core/src/alternating.o
S                   0x1               Core/src/alternating.o
data_x              0x2               Core/src/alternating.o
data_D_F            0x2               Core/src/alternating.o
P_C                 0x1               Core/src/alternating.o
huart1              0x40              Core/src/usart.o
data_D_L            0x2               Core/src/alternating.o
hrtc                0x14              Core/src/rtc.o
receivesystem       0x1               Core/src/alternating.o
F13                 0x1               Core/src/alternating.o
htim1               0x48              Core/src/tim.o
F8                  0x1               Core/src/alternating.o
[...]
Memory Configuration

Name             Origin             Length             Attributes
RAM              0x0000000020000000 0x0000000000005000 xrw
FLASH            0x0000000008000000 0x0000000000010000 xr
*default*        0x0000000000000000 0xffffffffffffffff

Linker script and memory map

LOAD e:/ide/stm32cubeide_1.4.0/stm32cubeide/plugins/com.st.stm32cube.ide.mcu.externaltools.gnu-tools-for-stm32.7-2018-q2-update.win32_1.4.0.202007081208/tools/bin/../lib/gcc/arm-none-eabi/7.3.1/thumb/v7-m/crti.o
LOAD e:/ide/stm32cubeide_1.4.0/stm32cubeide/plugins/com.st.stm32cube.ide.mcu.externaltools.gnu-tools-for-stm32.7-2018-q2-update.win32_1.4.0.202007081208/tools/bin/../lib/gcc/arm-none-eabi/7.3.1/thumb/v7-m/crtbegin.o
LOAD e:/ide/stm32cubeide_1.4.0/stm32cubeide/plugins/com.st.stm32cube.ide.mcu.externaltools.gnu-tools-for-stm32.7-2018-q2-update.win32_1.4.0.202007081208/tools/bin/../lib/gcc/arm-none-eabi/7.3.1/../../../../arm-none-eabi/lib/thumb/v7-m/crt0.o
LOAD Core/Startup/startup_stm32f103c8tx.o
LOAD Core/src/alternating.o
LOAD Core/src/delay.o
LOAD Core/src/dma.o
LOAD Core/src/gpio.o
LOAD Core/src/lcd.o
LOAD Core/src/lcd_init.o
LOAD Core/src/main.o
LOAD Core/src/rtc.o
LOAD Core/src/spi.o
LOAD Core/src/spi01.o
LOAD Core/src/stm32f1xx_hal_msp.o
LOAD Core/src/stm32f1xx_it.o
LOAD Core/src/system_stm32f1xx.o
LOAD Core/src/tim.o
LOAD Core/src/usart.o
LOAD Drivers/STM32F1xx_HAL_Driver/Src/stm32f1xx_hal.o
LOAD Drivers/STM32F1xx_HAL_Driver/Src/stm32f1xx_hal_cortex.o
LOAD Drivers/STM32F1xx_HAL_Driver/Src/stm32f1xx_hal_dma.o
LOAD Drivers/STM32F1xx_HAL_Driver/Src/stm32f1xx_hal_exti.o
LOAD Drivers/STM32F1xx_HAL_Driver/Src/stm32f1xx_hal_flash.o
LOAD Drivers/STM32F1xx_HAL_Driver/Src/stm32f1xx_hal_flash_ex.o
LOAD Drivers/STM32F1xx_HAL_Driver/Src/stm32f1xx_hal_gpio.o
LOAD Drivers/STM32F1xx_HAL_Driver/Src/stm32f1xx_hal_gpio_ex.o
LOAD Drivers/STM32F1xx_HAL_Driver/Src/stm32f1xx_hal_pwr.o
LOAD Drivers/STM32F1xx_HAL_Driver/Src/stm32f1xx_hal_rcc.o
LOAD Drivers/STM32F1xx_HAL_Driver/Src/stm32f1xx_hal_rcc_ex.o
LOAD Drivers/STM32F1xx_HAL_Driver/Src/stm32f1xx_hal_rtc.o
LOAD Drivers/STM32F1xx_HAL_Driver/Src/stm32f1xx_hal_rtc_ex.o
LOAD Drivers/STM32F1xx_HAL_Driver/Src/stm32f1xx_hal_spi.o
LOAD Drivers/STM32F1xx_HAL_Driver/Src/stm32f1xx_hal_tim.o
LOAD Drivers/STM32F1xx_HAL_Driver/Src/stm32f1xx_hal_tim_ex.o
LOAD Drivers/STM32F1xx_HAL_Driver/Src/stm32f1xx_hal_uart.o
START GROUP
LOAD e:/ide/stm32cubeide_1.4.0/stm32cubeide/plugins/com.st.stm32cube.ide.mcu.externaltools.gnu-tools-for-stm32.7-2018-q2-update.win32_1.4.0.202007081208/tools/bin/../lib/gcc/arm-none-eabi/7.3.1/../../../../arm-none-eabi/lib/thumb/v7-m\libc_nano.a
LOAD e:/ide/stm32cubeide_1.4.0/stm32cubeide/plugins/com.st.stm32cube.ide.mcu.externaltools.gnu-tools-for-stm32.7-2018-q2-update.win32_1.4.0.202007081208/tools/bin/../lib/gcc/arm-none-eabi/7.3.1/../../../../arm-none-eabi/lib/thumb/v7-m\libm.a
END GROUP
START GROUP
LOAD e:/ide/stm32cubeide_1.4.0/stm32cubeide/plugins/com.st.stm32cube.ide.mcu.externaltools.gnu-tools-for-stm32.7-2018-q2-update.win32_1.4.0.202007081208/tools/bin/../lib/gcc/arm-none-eabi/7.3.1/thumb/v7-m\libgcc.a
LOAD e:/ide/stm32cubeide_1.4.0/stm32cubeide/plugins/com.st.stm32cube.ide.mcu.externaltools.gnu-tools-for-stm32.7-2018-q2-update.win32_1.4.0.202007081208/tools/bin/../lib/gcc/arm-none-eabi/7.3.1/../../../../arm-none-eabi/lib/thumb/v7-m\libc_nano.a
END GROUP
START GROUP
LOAD e:/ide/stm32cubeide_1.4.0/stm32cubeide/plugins/com.st.stm32cube.ide.mcu.externaltools.gnu-tools-for-stm32.7-2018-q2-update.win32_1.4.0.202007081208/tools/bin/../lib/gcc/arm-none-eabi/7.3.1/thumb/v7-m\libgcc.a
LOAD e:/ide/stm32cubeide_1.4.0/stm32cubeide/plugins/com.st.stm32cube.ide.mcu.externaltools.gnu-tools-for-stm32.7-2018-q2-update.win32_1.4.0.202007081208/tools/bin/../lib/gcc/arm-none-eabi/7.3.1/../../../../arm-none-eabi/lib/thumb/v7-m\libc_nano.a
LOAD e:/ide/stm32cubeide_1.4.0/stm32cubeide/plugins/com.st.stm32cube.ide.mcu.externaltools.gnu-tools-for-stm32.7-2018-q2-update.win32_1.4.0.202007081208/tools/bin/../lib/gcc/arm-none-eabi/7.3.1/../../../../arm-none-eabi/lib/thumb/v7-m\libnosys.a
END GROUP
START GROUP
LOAD e:/ide/stm32cubeide_1.4.0/stm32cubeide/plugins/com.st.stm32cube.ide.mcu.externaltools.gnu-tools-for-stm32.7-2018-q2-update.win32_1.4.0.202007081208/tools/bin/../lib/gcc/arm-none-eabi/7.3.1/thumb/v7-m\libgcc.a
LOAD e:/ide/stm32cubeide_1.4.0/stm32cubeide/plugins/com.st.stm32cube.ide.mcu.externaltools.gnu-tools-for-stm32.7-2018-q2-update.win32_1.4.0.202007081208/tools/bin/../lib/gcc/arm-none-eabi/7.3.1/../../../../arm-none-eabi/lib/thumb/v7-m\libc_nano.a
LOAD e:/ide/stm32cubeide_1.4.0/stm32cubeide/plugins/com.st.stm32cube.ide.mcu.externaltools.gnu-tools-for-stm32.7-2018-q2-update.win32_1.4.0.202007081208/tools/bin/../lib/gcc/arm-none-eabi/7.3.1/../../../../arm-none-eabi/lib/thumb/v7-m\libnosys.a
END GROUP
LOAD e:/ide/stm32cubeide_1.4.0/stm32cubeide/plugins/com.st.stm32cube.ide.mcu.externaltools.gnu-tools-for-stm32.7-2018-q2-update.win32_1.4.0.202007081208/tools/bin/../lib/gcc/arm-none-eabi/7.3.1/thumb/v7-m/crtend.o
LOAD e:/ide/stm32cubeide_1.4.0/stm32cubeide/plugins/com.st.stm32cube.ide.mcu.externaltools.gnu-tools-for-stm32.7-2018-q2-update.win32_1.4.0.202007081208/tools/bin/../lib/gcc/arm-none-eabi/7.3.1/thumb/v7-m/crtn.o
                0x0000000020005000                _estack = (ORIGIN (RAM) + LENGTH (RAM))
                0x0000000000000200                _Min_Heap_Size = 0x200
                0x0000000000000400                _Min_Stack_Size = 0x400

.isr_vector     0x0000000008000000      0x10c
                0x0000000008000000                . = ALIGN (0x4)
 *(.isr_vector)
 .isr_vector    0x0000000008000000      0x10c Core/Startup/startup_stm32f103c8tx.o
                0x0000000008000000                g_pfnVectors
                0x000000000800010c                . = ALIGN (0x4)

.text           0x000000000800010c     0x578c
                0x000000000800010c                . = ALIGN (0x4)
 *(.text)
 .text          0x000000000800010c       0x40 e:/ide/stm32cubeide_1.4.0/stm32cubeide/plugins/com.st.stm32cube.ide.mcu.externaltools.gnu-tools-for-stm32.7-2018-q2-update.win32_1.4.0.202007081208/tools/bin/../lib/gcc/arm-none-eabi/7.3.1/thumb/v7-m/crtbegin.o
 *(.text*)
 .text.Reset_Handler
                0x000000000800014c       0x48 Core/Startup/startup_stm32f103c8tx.o
                0x000000000800014c                Reset_Handler
 .text.Default_Handler
                0x0000000008000194        0x2 Core/Startup/startup_stm32f103c8tx.o
                0x0000000008000194                RTC_Alarm_IRQHandler
                0x0000000008000194                EXTI2_IRQHandler
                0x0000000008000194                TIM1_CC_IRQHandler
                0x0000000008000194                PVD_IRQHandler
                0x0000000008000194                EXTI3_IRQHandler
                0x0000000008000194                EXTI0_IRQHandler
                0x0000000008000194                I2C2_EV_IRQHandler
                0x0000000008000194                ADC1_2_IRQHandler
                0x0000000008000194                SPI1_IRQHandler
                0x0000000008000194                TAMPER_IRQHandler
                0x0000000008000194                DMA1_Channel4_IRQHandler
                0x0000000008000194                USART3_IRQHandler
                0x0000000008000194                RTC_IRQHandler
                0x0000000008000194                DMA1_Channel7_IRQHandler
                0x0000000008000194                CAN1_RX1_IRQHandler
                0x0000000008000194                TIM4_IRQHandler
                0x0000000008000194                I2C1_EV_IRQHandler
                0x0000000008000194                DMA1_Channel6_IRQHandler
                0x0000000008000194                TIM3_IRQHandler
                0x0000000008000194                RCC_IRQHandler
                0x0000000008000194                TIM1_TRG_COM_IRQHandler
                0x0000000008000194                DMA1_Channel1_IRQHandler
                0x0000000008000194                Default_Handler
                0x0000000008000194                EXTI15_10_IRQHandler
                0x0000000008000194                EXTI9_5_IRQHandler
                0x0000000008000194                SPI2_IRQHandler
                0x0000000008000194                DMA1_Channel5_IRQHandler
                0x0000000008000194                EXTI4_IRQHandler
                0x0000000008000194                USB_LP_CAN1_RX0_IRQHandler
                0x0000000008000194                USB_HP_CAN1_TX_IRQHandler
                0x0000000008000194                DMA1_Channel3_IRQHandler
                0x0000000008000194                WWDG_IRQHandler
                0x0000000008000194                TIM2_IRQHandler
                0x0000000008000194                TIM1_BRK_IRQHandler
                0x0000000008000194                EXTI1_IRQHandler
                0x0000000008000194                USART2_IRQHandler
                0x0000000008000194                I2C2_ER_IRQHandler
                0x0000000008000194                CAN1_SCE_IRQHandler
                0x0000000008000194                FLASH_IRQHandler
                0x0000000008000194                USART1_IRQHandler
                0x0000000008000194                I2C1_ER_IRQHandler
                0x0000000008000194                USBWakeUp_IRQHandler
 .text.SYS_DEFEND
                0x0000000008000196       0x14 Core/src/alternating.o
                0x0000000008000196                SYS_DEFEND
 *fill*         0x00000000080001aa        0x2 
 .text.SYS_WI   0x00000000080001ac      0x378 Core/src/alternating.o
                0x00000000080001ac                SYS_WI
 .text.Ptotect  0x0000000008000524      0x140 Core/src/alternating.o
                0x0000000008000524                Ptotect
 .text.delay_ms
                0x0000000008000664       0x36 Core/src/delay.o
                0x0000000008000664                delay_ms
 *fill*         0x000000000800069a        0x2 
 .text.MX_DMA_Init
                0x000000000800069c       0x3c Core/src/dma.o
                0x000000000800069c                MX_DMA_Init
 .text.MX_GPIO_Init
                0x00000000080006d8      0x12c Core/src/gpio.o
                0x00000000080006d8                MX_GPIO_Init
 .text.LCD_Fill
                0x0000000008000804       0x6a Core/src/lcd.o
                0x0000000008000804                LCD_Fill
 .text.LCD_DrawPoint
                0x000000000800086e       0x2e Core/src/lcd.o
                0x000000000800086e                LCD_DrawPoint
 .text.LCD_ShowChinese24x24
                0x000000000800089c      0x1a8 Core/src/lcd.o
                0x000000000800089c                LCD_ShowChinese24x24
 .text.LCD_ShowChar
                0x0000000008000a44      0x1c0 Core/src/lcd.o
                0x0000000008000a44                LCD_ShowChar
 .text.LCD_ShowString
                0x0000000008000c04       0x5e Core/src/lcd.o
                0x0000000008000c04                LCD_ShowString
 .text.mypow    0x0000000008000c62       0x36 Core/src/lcd.o
                0x0000000008000c62                mypow
 .text.LCD_ShowIntNum
                0x0000000008000c98       0xf8 Core/src/lcd.o
                0x0000000008000c98                LCD_ShowIntNum
 .text.LCD_MainOrder
                0x0000000008000d90      0x570 Core/src/lcd.o
                0x0000000008000d90                LCD_MainOrder
 .text.LCD_BasicInformation
                0x0000000008001300      0x34c Core/src/lcd.o
                0x0000000008001300                LCD_BasicInformation
 .text.LCD_TheSenor
                0x000000000800164c      0x440 Core/src/lcd.o
                0x000000000800164c                LCD_TheSenor
 .text.LCD_UltrasonicDistance
                0x0000000008001a8c      0x4f4 Core/src/lcd.o
                0x0000000008001a8c                LCD_UltrasonicDistance
 .text.LCD_Warning
                0x0000000008001f80      0x80c Core/src/lcd.o
                0x0000000008001f80                LCD_Warning
 .text.LCD_Writ_Bus
                0x000000000800278c       0x74 Core/src/lcd_init.o
                0x000000000800278c                LCD_Writ_Bus
 .text.LCD_WR_DATA8
                0x0000000008002800       0x1a Core/src/lcd_init.o
                0x0000000008002800                LCD_WR_DATA8
 .text.LCD_WR_DATA
                0x000000000800281a       0x2a Core/src/lcd_init.o
                0x000000000800281a                LCD_WR_DATA
 .text.LCD_WR_REG
                0x0000000008002844       0x34 Core/src/lcd_init.o
                0x0000000008002844                LCD_WR_REG
 .text.LCD_Address_Set
                0x0000000008002878       0x58 Core/src/lcd_init.o
                0x0000000008002878                LCD_Address_Set
 .text.LCD_Init
                0x00000000080028d0      0x234 Core/src/lcd_init.o
                0x00000000080028d0                LCD_Init
 .text.HAL_TIM_PeriodElapsedCallback
                0x0000000008002b04       0x68 Core/src/main.o
                0x0000000008002b04                HAL_TIM_PeriodElapsedCallback
 .text.main     0x0000000008002b6c       0x74 Core/src/main.o
                0x0000000008002b6c                main
 .text.SystemClock_Config
                0x0000000008002be0       0xba Core/src/main.o
                0x0000000008002be0                SystemClock_Config
 .text.Error_Handler
                0x0000000008002c9a        0xc Core/src/main.o
                0x0000000008002c9a                Error_Handler
 *fill*         0x0000000008002ca6        0x2 
 .text.MX_RTC_Init
                0x0000000008002ca8       0x94 Core/src/rtc.o
                0x0000000008002ca8                MX_RTC_Init
 .text.HAL_RTC_MspInit
                0x0000000008002d3c       0x48 Core/src/rtc.o
                0x0000000008002d3c                HAL_RTC_MspInit
 .text.MX_SPI1_Init
                0x0000000008002d84       0x6c Core/src/spi.o
                0x0000000008002d84                MX_SPI1_Init
 .text.HAL_SPI_MspInit
                0x0000000008002df0      0x108 Core/src/spi.o
                0x0000000008002df0                HAL_SPI_MspInit
 .text.HAL_MspInit
                0x0000000008002ef8       0x64 Core/src/stm32f1xx_hal_msp.o
                0x0000000008002ef8                HAL_MspInit
 .text.NMI_Handler
                0x0000000008002f5c        0xc Core/src/stm32f1xx_it.o
                0x0000000008002f5c                NMI_Handler
 .text.HardFault_Handler
                0x0000000008002f68        0x6 Core/src/stm32f1xx_it.o
                0x0000000008002f68                HardFault_Handler
 .text.MemManage_Handler
                0x0000000008002f6e        0x6 Core/src/stm32f1xx_it.o
                0x0000000008002f6e                MemManage_Handler
 .text.BusFault_Handler
                0x0000000008002f74        0x6 Core/src/stm32f1xx_it.o
                0x0000000008002f74                BusFault_Handler
 .text.UsageFault_Handler
                0x0000000008002f7a        0x6 Core/src/stm32f1xx_it.o
                0x0000000008002f7a                UsageFault_Handler
 .text.SVC_Handler
                0x0000000008002f80        0xc Core/src/stm32f1xx_it.o
                0x0000000008002f80                SVC_Handler
 .text.DebugMon_Handler
                0x0000000008002f8c        0xc Core/src/stm32f1xx_it.o
                0x0000000008002f8c                DebugMon_Handler
 .text.PendSV_Handler
                0x0000000008002f98        0xc Core/src/stm32f1xx_it.o
                0x0000000008002f98                PendSV_Handler
 .text.SysTick_Handler
                0x0000000008002fa4        0xc Core/src/stm32f1xx_it.o
                0x0000000008002fa4                SysTick_Handler
 .text.DMA1_Channel2_IRQHandler
                0x0000000008002fb0       0x14 Core/src/stm32f1xx_it.o
                0x0000000008002fb0                DMA1_Channel2_IRQHandler
 .text.TIM1_UP_IRQHandler
                0x0000000008002fc4       0x14 Core/src/stm32f1xx_it.o
                0x0000000008002fc4                TIM1_UP_IRQHandler
 .text.SystemInit
                0x0000000008002fd8        0xc Core/src/system_stm32f1xx.o
                0x0000000008002fd8                SystemInit
 .text.MX_TIM1_Init
                0x0000000008002fe4       0xa0 Core/src/tim.o
                0x0000000008002fe4                MX_TIM1_Init
 .text.HAL_TIM_Base_MspInit
                0x0000000008003084       0x4c Core/src/tim.o
                0x0000000008003084                HAL_TIM_Base_MspInit
 .text.MX_USART1_UART_Init
                0x00000000080030d0       0x54 Core/src/usart.o
                0x00000000080030d0                MX_USART1_UART_Init
 .text.MX_USART3_UART_Init
                0x0000000008003124       0x54 Core/src/usart.o
                0x0000000008003124                MX_USART3_UART_Init
 .text.HAL_UART_MspInit
                0x0000000008003178      0x110 Core/src/usart.o
                0x0000000008003178                HAL_UART_MspInit
 .text.HAL_Init
                0x0000000008003288       0x2c Drivers/STM32F1xx_HAL_Driver/Src/stm32f1xx_hal.o
                0x0000000008003288                HAL_Init
 .text.HAL_InitTick
                0x00000000080032b4       0x60 Drivers/STM32F1xx_HAL_Driver/Src/stm32f1xx_hal.o
                0x00000000080032b4                HAL_InitTick
 .text.HAL_IncTick
                0x0000000008003314       0x24 Drivers/STM32F1xx_HAL_Driver/Src/stm32f1xx_hal.o
                0x0000000008003314                HAL_IncTick
 .text.HAL_GetTick
                0x0000000008003338       0x14 Drivers/STM32F1xx_HAL_Driver/Src/stm32f1xx_hal.o
                0x0000000008003338                HAL_GetTick
 .text.__NVIC_SetPriorityGrouping
                0x000000000800334c       0x48 Drivers/STM32F1xx_HAL_Driver/Src/stm32f1xx_hal_cortex.o
 .text.__NVIC_GetPriorityGrouping
                0x0000000008003394       0x1c Drivers/STM32F1xx_HAL_Driver/Src/stm32f1xx_hal_cortex.o
 .text.__NVIC_EnableIRQ
                0x00000000080033b0       0x38 Drivers/STM32F1xx_HAL_Driver/Src/stm32f1xx_hal_cortex.o
 .text.__NVIC_SetPriority
                0x00000000080033e8       0x54 Drivers/STM32F1xx_HAL_Driver/Src/stm32f1xx_hal_cortex.o
 .text.NVIC_EncodePriority
                0x000000000800343c       0x64 Drivers/STM32F1xx_HAL_Driver/Src/stm32f1xx_hal_cortex.o
 .text.SysTick_Config
                0x00000000080034a0       0x44 Drivers/STM32F1xx_HAL_Driver/Src/stm32f1xx_hal_cortex.o
 .text.HAL_NVIC_SetPriorityGrouping
                0x00000000080034e4       0x16 Drivers/STM32F1xx_HAL_Driver/Src/stm32f1xx_hal_cortex.o
                0x00000000080034e4                HAL_NVIC_SetPriorityGrouping
 .text.HAL_NVIC_SetPriority
                0x00000000080034fa       0x38 Drivers/STM32F1xx_HAL_Driver/Src/stm32f1xx_hal_cortex.o
                0x00000000080034fa                HAL_NVIC_SetPriority
 .text.HAL_NVIC_EnableIRQ
                0x0000000008003532       0x1c Drivers/STM32F1xx_HAL_Driver/Src/stm32f1xx_hal_cortex.o
                0x0000000008003532                HAL_NVIC_EnableIRQ
 .text.HAL_SYSTICK_Config
                0x000000000800354e       0x18 Drivers/STM32F1xx_HAL_Driver/Src/stm32f1xx_hal_cortex.o
                0x000000000800354e                HAL_SYSTICK_Config
 *fill*         0x0000000008003566        0x2 
 .text.HAL_DMA_Init
                0x0000000008003568       0xb4 Drivers/STM32F1xx_HAL_Driver/Src/stm32f1xx_hal_dma.o
                0x0000000008003568                HAL_DMA_Init
 .text.HAL_DMA_IRQHandler
                0x000000000800361c      0x20c Drivers/STM32F1xx_HAL_Driver/Src/stm32f1xx_hal_dma.o
                0x000000000800361c                HAL_DMA_IRQHandler
 .text.HAL_GPIO_Init
                0x0000000008003828      0x2b4 Drivers/STM32F1xx_HAL_Driver/Src/stm32f1xx_hal_gpio.o
                0x0000000008003828                HAL_GPIO_Init
 .text.HAL_GPIO_ReadPin
                0x0000000008003adc       0x2e Drivers/STM32F1xx_HAL_Driver/Src/stm32f1xx_hal_gpio.o
                0x0000000008003adc                HAL_GPIO_ReadPin
 .text.HAL_GPIO_WritePin
                0x0000000008003b0a       0x30 Drivers/STM32F1xx_HAL_Driver/Src/stm32f1xx_hal_gpio.o
                0x0000000008003b0a                HAL_GPIO_WritePin
 *fill*         0x0000000008003b3a        0x2 
 .text.HAL_PWR_EnableBkUpAccess
                0x0000000008003b3c       0x18 Drivers/STM32F1xx_HAL_Driver/Src/stm32f1xx_hal_pwr.o
                0x0000000008003b3c                HAL_PWR_EnableBkUpAccess
 .text.HAL_RCC_OscConfig
                0x0000000008003b54      0x500 Drivers/STM32F1xx_HAL_Driver/Src/stm32f1xx_hal_rcc.o
                0x0000000008003b54                HAL_RCC_OscConfig
 .text.HAL_RCC_ClockConfig
                0x0000000008004054      0x1d4 Drivers/STM32F1xx_HAL_Driver/Src/stm32f1xx_hal_rcc.o
                0x0000000008004054                HAL_RCC_ClockConfig
 .text.HAL_RCC_GetSysClockFreq
                0x0000000008004228       0xc4 Drivers/STM32F1xx_HAL_Driver/Src/stm32f1xx_hal_rcc.o
                0x0000000008004228                HAL_RCC_GetSysClockFreq
 .text.HAL_RCC_GetHCLKFreq
                0x00000000080042ec       0x14 Drivers/STM32F1xx_HAL_Driver/Src/stm32f1xx_hal_rcc.o
                0x00000000080042ec                HAL_RCC_GetHCLKFreq
 .text.HAL_RCC_GetPCLK1Freq
                0x0000000008004300       0x28 Drivers/STM32F1xx_HAL_Driver/Src/stm32f1xx_hal_rcc.o
                0x0000000008004300                HAL_RCC_GetPCLK1Freq
 .text.HAL_RCC_GetPCLK2Freq
                0x0000000008004328       0x28 Drivers/STM32F1xx_HAL_Driver/Src/stm32f1xx_hal_rcc.o
                0x0000000008004328                HAL_RCC_GetPCLK2Freq
 .text.RCC_Delay
                0x0000000008004350       0x3c Drivers/STM32F1xx_HAL_Driver/Src/stm32f1xx_hal_rcc.o
 .text.HAL_RCCEx_PeriphCLKConfig
                0x000000000800438c      0x16c Drivers/STM32F1xx_HAL_Driver/Src/stm32f1xx_hal_rcc_ex.o
                0x000000000800438c                HAL_RCCEx_PeriphCLKConfig
 .text.HAL_RCCEx_GetPeriphCLKFreq
                0x00000000080044f8      0x178 Drivers/STM32F1xx_HAL_Driver/Src/stm32f1xx_hal_rcc_ex.o
                0x00000000080044f8                HAL_RCCEx_GetPeriphCLKFreq
 .text.HAL_RTC_Init
                0x0000000008004670      0x12c Drivers/STM32F1xx_HAL_Driver/Src/stm32f1xx_hal_rtc.o
                0x0000000008004670                HAL_RTC_Init
 .text.HAL_RTC_SetTime
                0x000000000800479c      0x12e Drivers/STM32F1xx_HAL_Driver/Src/stm32f1xx_hal_rtc.o
                0x000000000800479c                HAL_RTC_SetTime
 *fill*         0x00000000080048ca        0x2 
 .text.HAL_RTC_SetDate
                0x00000000080048cc      0x16c Drivers/STM32F1xx_HAL_Driver/Src/stm32f1xx_hal_rtc.o
                0x00000000080048cc                HAL_RTC_SetDate
 .text.HAL_RTC_WaitForSynchro
                0x0000000008004a38       0x5a Drivers/STM32F1xx_HAL_Driver/Src/stm32f1xx_hal_rtc.o
                0x0000000008004a38                HAL_RTC_WaitForSynchro
 .text.RTC_ReadTimeCounter
                0x0000000008004a92       0x60 Drivers/STM32F1xx_HAL_Driver/Src/stm32f1xx_hal_rtc.o
 .text.RTC_WriteTimeCounter
                0x0000000008004af2       0x4e Drivers/STM32F1xx_HAL_Driver/Src/stm32f1xx_hal_rtc.o
 .text.RTC_ReadAlarmCounter
                0x0000000008004b40       0x32 Drivers/STM32F1xx_HAL_Driver/Src/stm32f1xx_hal_rtc.o
 .text.RTC_WriteAlarmCounter
                0x0000000008004b72       0x4e Drivers/STM32F1xx_HAL_Driver/Src/stm32f1xx_hal_rtc.o
 .text.RTC_EnterInitMode
                0x0000000008004bc0       0x50 Drivers/STM32F1xx_HAL_Driver/Src/stm32f1xx_hal_rtc.o
 .text.RTC_ExitInitMode
                0x0000000008004c10       0x50 Drivers/STM32F1xx_HAL_Driver/Src/stm32f1xx_hal_rtc.o
 .text.RTC_Bcd2ToByte
                0x0000000008004c60       0x3a Drivers/STM32F1xx_HAL_Driver/Src/stm32f1xx_hal_rtc.o
 *fill*         0x0000000008004c9a        0x2 
 .text.RTC_WeekDayNum
                0x0000000008004c9c       0xf0 Drivers/STM32F1xx_HAL_Driver/Src/stm32f1xx_hal_rtc.o
 .text.HAL_SPI_Init
                0x0000000008004d8c      0x108 Drivers/STM32F1xx_HAL_Driver/Src/stm32f1xx_hal_spi.o
                0x0000000008004d8c                HAL_SPI_Init
 .text.HAL_TIM_Base_Init
                0x0000000008004e94       0x9e Drivers/STM32F1xx_HAL_Driver/Src/stm32f1xx_hal_tim.o
                0x0000000008004e94                HAL_TIM_Base_Init
 *fill*         0x0000000008004f32        0x2 
 .text.HAL_TIM_Base_Start_IT
                0x0000000008004f34       0xa4 Drivers/STM32F1xx_HAL_Driver/Src/stm32f1xx_hal_tim.o
                0x0000000008004f34                HAL_TIM_Base_Start_IT
 .text.HAL_TIM_IRQHandler
                0x0000000008004fd8      0x210 Drivers/STM32F1xx_HAL_Driver/Src/stm32f1xx_hal_tim.o
                0x0000000008004fd8                HAL_TIM_IRQHandler
 .text.HAL_TIM_ConfigClockSource
                0x00000000080051e8      0x16e Drivers/STM32F1xx_HAL_Driver/Src/stm32f1xx_hal_tim.o
                0x00000000080051e8                HAL_TIM_ConfigClockSource
 .text.HAL_TIM_OC_DelayElapsedCallback
                0x0000000008005356       0x12 Drivers/STM32F1xx_HAL_Driver/Src/stm32f1xx_hal_tim.o
                0x0000000008005356                HAL_TIM_OC_DelayElapsedCallback
 .text.HAL_TIM_IC_CaptureCallback
                0x0000000008005368       0x12 Drivers/STM32F1xx_HAL_Driver/Src/stm32f1xx_hal_tim.o
                0x0000000008005368                HAL_TIM_IC_CaptureCallback
 .text.HAL_TIM_PWM_PulseFinishedCallback
                0x000000000800537a       0x12 Drivers/STM32F1xx_HAL_Driver/Src/stm32f1xx_hal_tim.o
                0x000000000800537a                HAL_TIM_PWM_PulseFinishedCallback
 .text.HAL_TIM_TriggerCallback
                0x000000000800538c       0x12 Drivers/STM32F1xx_HAL_Driver/Src/stm32f1xx_hal_tim.o
                0x000000000800538c                HAL_TIM_TriggerCallback
 *fill*         0x000000000800539e        0x2 
 .text.TIM_Base_SetConfig
                0x00000000080053a0       0xc4 Drivers/STM32F1xx_HAL_Driver/Src/stm32f1xx_hal_tim.o
                0x00000000080053a0                TIM_Base_SetConfig
 .text.TIM_TI1_ConfigInputStage
                0x0000000008005464       0x5c Drivers/STM32F1xx_HAL_Driver/Src/stm32f1xx_hal_tim.o
 .text.TIM_TI2_ConfigInputStage
                0x00000000080054c0       0x5e Drivers/STM32F1xx_HAL_Driver/Src/stm32f1xx_hal_tim.o
 .text.TIM_ITRx_SetConfig
                0x000000000800551e       0x34 Drivers/STM32F1xx_HAL_Driver/Src/stm32f1xx_hal_tim.o
 .text.TIM_ETR_SetConfig
                0x0000000008005552       0x3e Drivers/STM32F1xx_HAL_Driver/Src/stm32f1xx_hal_tim.o
                0x0000000008005552                TIM_ETR_SetConfig
 .text.HAL_TIMEx_MasterConfigSynchronization
                0x0000000008005590       0xbc Drivers/STM32F1xx_HAL_Driver/Src/stm32f1xx_hal_tim_ex.o
                0x0000000008005590                HAL_TIMEx_MasterConfigSynchronization
 .text.HAL_TIMEx_CommutCallback
                0x000000000800564c       0x12 Drivers/STM32F1xx_HAL_Driver/Src/stm32f1xx_hal_tim_ex.o
                0x000000000800564c                HAL_TIMEx_CommutCallback
 .text.HAL_TIMEx_BreakCallback
                0x000000000800565e       0x12 Drivers/STM32F1xx_HAL_Driver/Src/stm32f1xx_hal_tim_ex.o
                0x000000000800565e                HAL_TIMEx_BreakCallback
 .text.HAL_UART_Init
                0x0000000008005670       0x9a Drivers/STM32F1xx_HAL_Driver/Src/stm32f1xx_hal_uart.o
                0x0000000008005670                HAL_UART_Init
 *fill*         0x000000000800570a        0x2 
 .text.UART_SetConfig
                0x000000000800570c      0x11c Drivers/STM32F1xx_HAL_Driver/Src/stm32f1xx_hal_uart.o
 .text.__libc_init_array
                0x0000000008005828       0x48 e:/ide/stm32cubeide_1.4.0/stm32cubeide/plugins/com.st.stm32cube.ide.mcu.externaltools.gnu-tools-for-stm32.7-2018-q2-update.win32_1.4.0.202007081208/tools/bin/../lib/gcc/arm-none-eabi/7.3.1/../../../../arm-none-eabi/lib/thumb/v7-m\libc_nano.a(lib_a-init.o)
                0x0000000008005828                __libc_init_array
 .text.memset   0x0000000008005870       0x10 e:/ide/stm32cubeide_1.4.0/stm32cubeide/plugins/com.st.stm32cube.ide.mcu.externaltools.gnu-tools-for-stm32.7-2018-q2-update.win32_1.4.0.202007081208/tools/bin/../lib/gcc/arm-none-eabi/7.3.1/../../../../arm-none-eabi/lib/thumb/v7-m\libc_nano.a(lib_a-memset.o)
                0x0000000008005870                memset
 *(.glue_7)
 .glue_7        0x0000000008005880        0x0 linker stubs
 *(.glue_7t)
 .glue_7t       0x0000000008005880        0x0 linker stubs
 *(.eh_frame)
 .eh_frame      0x0000000008005880        0x0 e:/ide/stm32cubeide_1.4.0/stm32cubeide/plugins/com.st.stm32cube.ide.mcu.externaltools.gnu-tools-for-stm32.7-2018-q2-update.win32_1.4.0.202007081208/tools/bin/../lib/gcc/arm-none-eabi/7.3.1/thumb/v7-m/crtbegin.o
 *(.init)
 .init          0x0000000008005880        0x4 e:/ide/stm32cubeide_1.4.0/stm32cubeide/plugins/com.st.stm32cube.ide.mcu.externaltools.gnu-tools-for-stm32.7-2018-q2-update.win32_1.4.0.202007081208/tools/bin/../lib/gcc/arm-none-eabi/7.3.1/thumb/v7-m/crti.o
                0x0000000008005880                _init
 .init          0x0000000008005884        0x8 e:/ide/stm32cubeide_1.4.0/stm32cubeide/plugins/com.st.stm32cube.ide.mcu.externaltools.gnu-tools-for-stm32.7-2018-q2-update.win32_1.4.0.202007081208/tools/bin/../lib/gcc/arm-none-eabi/7.3.1/thumb/v7-m/crtn.o
 *(.fini)
 .fini          0x000000000800588c        0x4 e:/ide/stm32cubeide_1.4.0/stm32cubeide/plugins/com.st.stm32cube.ide.mcu.externaltools.gnu-tools-for-stm32.7-2018-q2-update.win32_1.4.0.202007081208/tools/bin/../lib/gcc/arm-none-eabi/7.3.1/thumb/v7-m/crti.o
                0x000000000800588c                _fini
 .fini          0x0000000008005890        0x8 e:/ide/stm32cubeide_1.4.0/stm32cubeide/plugins/com.st.stm32cube.ide.mcu.externaltools.gnu-tools-for-stm32.7-2018-q2-update.win32_1.4.0.202007081208/tools/bin/../lib/gcc/arm-none-eabi/7.3.1/thumb/v7-m/crtn.o
                0x0000000008005898                . = ALIGN (0x4)
                0x0000000008005898                _etext = .

.vfp11_veneer   0x0000000008005898        0x0
 .vfp11_veneer  0x0000000008005898        0x0 linker stubs

.v4_bx          0x0000000008005898        0x0
 .v4_bx         0x0000000008005898        0x0 linker stubs

.iplt           0x0000000008005898        0x0
 .iplt          0x0000000008005898        0x0 e:/ide/stm32cubeide_1.4.0/stm32cubeide/plugins/com.st.stm32cube.ide.mcu.externaltools.gnu-tools-for-stm32.7-2018-q2-update.win32_1.4.0.202007081208/tools/bin/../lib/gcc/arm-none-eabi/7.3.1/thumb/v7-m/crtbegin.o

.rodata         0x0000000008005898     0x37d8
                0x0000000008005898                . = ALIGN (0x4)
 *(.rodata)
 .rodata        0x0000000008005898      0x108 Core/src/alternating.o
 .rodata        0x00000000080059a0      0x24f Core/src/lcd.o
 *fill*         0x0000000008005bef        0x1 
 .rodata        0x0000000008005bf0       0x12 Drivers/STM32F1xx_HAL_Driver/Src/stm32f1xx_hal_rcc.o
 *fill*         0x0000000008005c02        0x2 
 .rodata        0x0000000008005c04       0x12 Drivers/STM32F1xx_HAL_Driver/Src/stm32f1xx_hal_rcc_ex.o
 *(.rodata*)
 *fill*         0x0000000008005c16        0x2 
 .rodata.ascii_1206
                0x0000000008005c18      0x474 Core/src/lcd.o
 .rodata.ascii_1608
                0x000000000800608c      0x5f0 Core/src/lcd.o
 .rodata.ascii_2412
                0x000000000800667c     0x11d0 Core/src/lcd.o
 .rodata.ascii_3216
                0x000000000800784c     0x17c0 Core/src/lcd.o
 .rodata.tfont24
                0x000000000800900c       0x4a Core/src/lcd.o
 *fill*         0x0000000008009056        0x2 
 .rodata.AHBPrescTable
                0x0000000008009058       0x10 Core/src/system_stm32f1xx.o
                0x0000000008009058                AHBPrescTable
 .rodata.APBPrescTable
                0x0000000008009068        0x8 Core/src/system_stm32f1xx.o
                0x0000000008009068                APBPrescTable
                0x0000000008009070                . = ALIGN (0x4)

.rel.dyn        0x0000000008009070        0x0
 .rel.iplt      0x0000000008009070        0x0 e:/ide/stm32cubeide_1.4.0/stm32cubeide/plugins/com.st.stm32cube.ide.mcu.externaltools.gnu-tools-for-stm32.7-2018-q2-update.win32_1.4.0.202007081208/tools/bin/../lib/gcc/arm-none-eabi/7.3.1/thumb/v7-m/crtbegin.o

.ARM.extab      0x0000000008009070        0x0
                0x0000000008009070                . = ALIGN (0x4)
 *(.ARM.extab* .gnu.linkonce.armextab.*)
                0x0000000008009070                . = ALIGN (0x4)

.ARM            0x0000000008009070        0x0
                0x0000000008009070                . = ALIGN (0x4)
                0x0000000008009070                __exidx_start = .
 *(.ARM.exidx*)
                0x0000000008009070                __exidx_end = .
                0x0000000008009070                . = ALIGN (0x4)

.preinit_array  0x0000000008009070        0x0
                0x0000000008009070                . = ALIGN (0x4)
                0x0000000008009070                PROVIDE (__preinit_array_start = .)
 *(.preinit_array*)
                0x0000000008009070                PROVIDE (__preinit_array_end = .)
                0x0000000008009070                . = ALIGN (0x4)

.init_array     0x0000000008009070        0x4
                0x0000000008009070                . = ALIGN (0x4)
                0x0000000008009070                PROVIDE (__init_array_start = .)
 *(SORT_BY_NAME(.init_array.*))
 *(.init_array*)
 .init_array    0x0000000008009070        0x4 e:/ide/stm32cubeide_1.4.0/stm32cubeide/plugins/com.st.stm32cube.ide.mcu.externaltools.gnu-tools-for-stm32.7-2018-q2-update.win32_1.4.0.202007081208/tools/bin/../lib/gcc/arm-none-eabi/7.3.1/thumb/v7-m/crtbegin.o
                0x0000000008009074                PROVIDE (__init_array_end = .)
                0x0000000008009074                . = ALIGN (0x4)

.fini_array     0x0000000008009074        0x4
                0x0000000008009074                . = ALIGN (0x4)
                [!provide]                        PROVIDE (__fini_array_start = .)
 *(SORT_BY_NAME(.fini_array.*))
 *(.fini_array*)
 .fini_array    0x0000000008009074        0x4 e:/ide/stm32cubeide_1.4.0/stm32cubeide/plugins/com.st.stm32cube.ide.mcu.externaltools.gnu-tools-for-stm32.7-2018-q2-update.win32_1.4.0.202007081208/tools/bin/../lib/gcc/arm-none-eabi/7.3.1/thumb/v7-m/crtbegin.o
                [!provide]                        PROVIDE (__fini_array_end = .)
                0x0000000008009078                . = ALIGN (0x4)
                0x0000000008009078                _sidata = LOADADDR (.data)

.data           0x0000000020000000       0x14 load address 0x0000000008009078
                0x0000000020000000                . = ALIGN (0x4)
                0x0000000020000000                _sdata = .
 *(.data)
 *(.data*)
 .data.page_1   0x0000000020000000        0x4 Core/src/alternating.o
                0x0000000020000000                page_1
 .data.line_1   0x0000000020000004        0x4 Core/src/alternating.o
                0x0000000020000004                line_1
 .data.SystemCoreClock
                0x0000000020000008        0x4 Core/src/system_stm32f1xx.o
                0x0000000020000008                SystemCoreClock
 .data.uwTickPrio
                0x000000002000000c        0x4 Drivers/STM32F1xx_HAL_Driver/Src/stm32f1xx_hal.o
                0x000000002000000c                uwTickPrio
 .data.uwTickFreq
                0x0000000020000010        0x1 Drivers/STM32F1xx_HAL_Driver/Src/stm32f1xx_hal.o
                0x0000000020000010                uwTickFreq
                0x0000000020000014                . = ALIGN (0x4)
 *fill*         0x0000000020000011        0x3 
                0x0000000020000014                _edata = .

.igot.plt       0x0000000020000014        0x0 load address 0x000000000800908c
 .igot.plt      0x0000000020000014        0x0 e:/ide/stm32cubeide_1.4.0/stm32cubeide/plugins/com.st.stm32cube.ide.mcu.externaltools.gnu-tools-for-stm32.7-2018-q2-update.win32_1.4.0.202007081208/tools/bin/../lib/gcc/arm-none-eabi/7.3.1/thumb/v7-m/crtbegin.o
                0x0000000020000014                . = ALIGN (0x4)

.bss            0x0000000020000014      0x27c load address 0x000000000800908c
                0x0000000020000014                _sbss = .
                0x0000000020000014                __bss_start__ = _sbss
 *(.bss)
 .bss           0x0000000020000014       0x1c e:/ide/stm32cubeide_1.4.0/stm32cubeide/plugins/com.st.stm32cube.ide.mcu.externaltools.gnu-tools-for-stm32.7-2018-q2-update.win32_1.4.0.202007081208/tools/bin/../lib/gcc/arm-none-eabi/7.3.1/thumb/v7-m/crtbegin.o
 *(.bss*)
 .bss.page      0x0000000020000030        0x4 Core/src/alternating.o
                0x0000000020000030                page
 .bss.line      0x0000000020000034        0x4 Core/src/alternating.o
                0x0000000020000034                line
 .bss.mode      0x0000000020000038        0x4 Core/src/alternating.o
                0x0000000020000038                mode
 .bss.mode_1    0x000000002000003c        0x4 Core/src/alternating.o
                0x000000002000003c                mode_1
 .bss.warning   0x0000000020000040        0x4 Core/src/alternating.o
                0x0000000020000040                warning
 .bss.warning_1
                0x0000000020000044        0x4 Core/src/alternating.o
                0x0000000020000044                warning_1
 .bss.LCD_FLAG  0x0000000020000048        0x4 Core/src/main.o
                0x0000000020000048                LCD_FLAG
 .bss.POTECT_FLAG
                0x000000002000004c        0x4 Core/src/main.o
                0x000000002000004c                POTECT_FLAG
 .bss.BUF       0x0000000020000050       0x96 Core/src/main.o
                0x0000000020000050                BUF
 *(COMMON)
 *fill*         0x00000000200000e6        0x2 
 COMMON         0x00000000200000e8       0x2a Core/src/alternating.o
                0x00000000200000e8                data_C_S
                0x00000000200000ea                F12
                0x00000000200000eb                F5
                0x00000000200000ec                P_S
                0x00000000200000f0                data_D_B
                0x00000000200000f2                F4
                0x00000000200000f3                F9
                0x00000000200000f4                F1
                0x00000000200000f5                F7
                0x00000000200000f8                data_D_R
                0x00000000200000fa                T
                0x00000000200000fb                S
                0x00000000200000fc                data_x
                0x0000000020000100                data_D_F
                0x0000000020000102                P_C
                0x0000000020000104                data_D_L
                0x0000000020000106                receivesystem
                0x0000000020000107                F13
                0x0000000020000108                F8
                0x0000000020000109                H
                0x000000002000010a                R
                0x000000002000010b                F14
                0x000000002000010c                F3
                0x000000002000010d                F6
                0x000000002000010e                F15
                0x000000002000010f                F2
                0x0000000020000110                F11
                0x0000000020000111                F10
 *fill*         0x0000000020000112        0x2 
 COMMON         0x0000000020000114       0x14 Core/src/rtc.o
                0x0000000020000114                hrtc
 COMMON         0x0000000020000128       0x9c Core/src/spi.o
                0x0000000020000128                hspi1
                0x0000000020000180                hdma_spi1_rx
 COMMON         0x00000000200001c4       0x48 Core/src/tim.o
                0x00000000200001c4                htim1
 COMMON         0x000000002000020c       0x80 Core/src/usart.o
                0x000000002000020c                huart3
                0x000000002000024c                huart1
 COMMON         0x000000002000028c        0x4 Drivers/STM32F1xx_HAL_Driver/Src/stm32f1xx_hal.o
                0x000000002000028c                uwTick
                0x0000000020000290                . = ALIGN (0x4)
                0x0000000020000290                _ebss = .
                0x0000000020000290                __bss_end__ = _ebss

._user_heap_stack
                0x0000000020000290      0x600 load address 0x000000000800908c
                0x0000000020000290                . = ALIGN (0x8)
                [!provide]                        PROVIDE (end = .)
                [!provide]                        PROVIDE (_end = .)
                0x0000000020000490                . = (. + _Min_Heap_Size)
 *fill*         0x0000000020000290      0x200 
                0x0000000020000890                . = (. + _Min_Stack_Size)
 *fill*         0x0000000020000490      0x400 
                0x0000000020000890                . = ALIGN (0x8)

/DISCARD/
 libc.a(*)
 libm.a(*)
 libgcc.a(*)

.ARM.attributes
                0x0000000000000000       0x29
 *(.ARM.attributes)
 .ARM.attributes
                0x0000000000000000       0x1d e:/ide/stm32cubeide_1.4.0/stm32cubeide/plugins/com.st.stm32cube.ide.mcu.externaltools.gnu-tools-for-stm32.7-2018-q2-update.win32_1.4.0.202007081208/tools/bin/../lib/gcc/arm-none-eabi/7.3.1/thumb/v7-m/crti.o
 .ARM.attributes
                0x000000000000001d       0x2d e:/ide/stm32cubeide_1.4.0/stm32cubeide/plugins/com.st.stm32cube.ide.mcu.externaltools.gnu-tools-for-stm32.7-2018-q2-update.win32_1.4.0.202007081208/tools/bin/../lib/gcc/arm-none-eabi/7.3.1/thumb/v7-m/crtbegin.o
 .ARM.attributes
                0x000000000000004a       0x21 Core/Startup/startup_stm32f103c8tx.o
 .ARM.attributes
                0x000000000000006b       0x33 Core/src/alternating.o
 .ARM.attributes
                0x000000000000009e       0x33 Core/src/delay.o
 .ARM.attributes
                0x00000000000000d1       0x33 Core/src/dma.o
 .ARM.attributes
                0x0000000000000104       0x33 Core/src/gpio.o
 .ARM.attributes
                0x0000000000000137       0x33 Core/src/lcd.o
 .ARM.attributes
                0x000000000000016a       0x33 Core/src/lcd_init.o
 .ARM.attributes
                0x000000000000019d       0x33 Core/src/main.o
 .ARM.attributes
                0x00000000000001d0       0x33 Core/src/rtc.o
 .ARM.attributes
                0x0000000000000203       0x33 Core/src/spi.o
 .ARM.attributes
                0x0000000000000236       0x33 Core/src/stm32f1xx_hal_msp.o
 .ARM.attributes
                0x0000000000000269       0x33 Core/src/stm32f1xx_it.o
 .ARM.attributes
                0x000000000000029c       0x33 Core/src/system_stm32f1xx.o
 .ARM.attributes
                0x00000000000002cf       0x33 Core/src/tim.o
 .ARM.attributes
                0x0000000000000302       0x33 Core/src/usart.o
 .ARM.attributes
                0x0000000000000335       0x33 Drivers/STM32F1xx_HAL_Driver/Src/stm32f1xx_hal.o
 .ARM.attributes
                0x0000000000000368       0x33 Drivers/STM32F1xx_HAL_Driver/Src/stm32f1xx_hal_cortex.o
 .ARM.attributes
                0x000000000000039b       0x33 Drivers/STM32F1xx_HAL_Driver/Src/stm32f1xx_hal_dma.o
 .ARM.attributes
                0x00000000000003ce       0x33 Drivers/STM32F1xx_HAL_Driver/Src/stm32f1xx_hal_gpio.o
 .ARM.attributes
                0x0000000000000401       0x33 Drivers/STM32F1xx_HAL_Driver/Src/stm32f1xx_hal_pwr.o
 .ARM.attributes
                0x0000000000000434       0x33 Drivers/STM32F1xx_HAL_Driver/Src/stm32f1xx_hal_rcc.o
 .ARM.attributes
                0x0000000000000467       0x33 Drivers/STM32F1xx_HAL_Driver/Src/stm32f1xx_hal_rcc_ex.o
 .ARM.attributes
                0x000000000000049a       0x33 Drivers/STM32F1xx_HAL_Driver/Src/stm32f1xx_hal_rtc.o
 .ARM.attributes
                0x00000000000004cd       0x33 Drivers/STM32F1xx_HAL_Driver/Src/stm32f1xx_hal_spi.o
 .ARM.attributes
                0x0000000000000500       0x33 Drivers/STM32F1xx_HAL_Driver/Src/stm32f1xx_hal_tim.o
 .ARM.attributes
                0x0000000000000533       0x33 Drivers/STM32F1xx_HAL_Driver/Src/stm32f1xx_hal_tim_ex.o
 .ARM.attributes
                0x0000000000000566       0x33 Drivers/STM32F1xx_HAL_Driver/Src/stm32f1xx_hal_uart.o
 .ARM.attributes
                0x0000000000000599       0x2d e:/ide/stm32cubeide_1.4.0/stm32cubeide/plugins/com.st.stm32cube.ide.mcu.externaltools.gnu-tools-for-stm32.7-2018-q2-update.win32_1.4.0.202007081208/tools/bin/../lib/gcc/arm-none-eabi/7.3.1/../../../../arm-none-eabi/lib/thumb/v7-m\libc_nano.a(lib_a-init.o)
 .ARM.attributes
                0x00000000000005c6       0x2d e:/ide/stm32cubeide_1.4.0/stm32cubeide/plugins/com.st.stm32cube.ide.mcu.externaltools.gnu-tools-for-stm32.7-2018-q2-update.win32_1.4.0.202007081208/tools/bin/../lib/gcc/arm-none-eabi/7.3.1/../../../../arm-none-eabi/lib/thumb/v7-m\libc_nano.a(lib_a-memset.o)
 .ARM.attributes
                0x00000000000005f3       0x1d e:/ide/stm32cubeide_1.4.0/stm32cubeide/plugins/com.st.stm32cube.ide.mcu.externaltools.gnu-tools-for-stm32.7-2018-q2-update.win32_1.4.0.202007081208/tools/bin/../lib/gcc/arm-none-eabi/7.3.1/thumb/v7-m/crtn.o
OUTPUT(20201120C8.elf elf32-littlearm)

.debug_line     0x0000000000000000    0x1233a
 .debug_line    0x0000000000000000       0x84 Core/Startup/startup_stm32f103c8tx.o
 .debug_line    0x0000000000000084      0xab9 Core/src/alternating.o
 .debug_line    0x0000000000000b3d      0x8c4 Core/src/delay.o
 .debug_line    0x0000000000001401      0x894 Core/src/dma.o
 .debug_line    0x0000000000001c95      0x8b1 Core/src/gpio.o
 .debug_line    0x0000000000002546     0x1114 Core/src/lcd.o
 .debug_line    0x000000000000365a      0x98a Core/src/lcd_init.o
 .debug_line    0x0000000000003fe4      0x985 Core/src/main.o
 .debug_line    0x0000000000004969      0x8cd Core/src/rtc.o
 .debug_line    0x0000000000005236      0x8dc Core/src/spi.o
 .debug_line    0x0000000000005b12      0x89a Core/src/stm32f1xx_hal_msp.o
 .debug_line    0x00000000000063ac      0x961 Core/src/stm32f1xx_it.o
 .debug_line    0x0000000000006d0d      0x6eb Core/src/system_stm32f1xx.o
 .debug_line    0x00000000000073f8      0x8cb Core/src/tim.o
 .debug_line    0x0000000000007cc3      0x902 Core/src/usart.o
 .debug_line    0x00000000000085c5      0x89e Drivers/STM32F1xx_HAL_Driver/Src/stm32f1xx_hal.o
 .debug_line    0x0000000000008e63      0x975 Drivers/STM32F1xx_HAL_Driver/Src/stm32f1xx_hal_cortex.o
 .debug_line    0x00000000000097d8      0xb03 Drivers/STM32F1xx_HAL_Driver/Src/stm32f1xx_hal_dma.o
 .debug_line    0x000000000000a2db      0x89a Drivers/STM32F1xx_HAL_Driver/Src/stm32f1xx_hal_gpio.o
 .debug_line    0x000000000000ab75      0x841 Drivers/STM32F1xx_HAL_Driver/Src/stm32f1xx_hal_pwr.o
 .debug_line    0x000000000000b3b6      0x95e Drivers/STM32F1xx_HAL_Driver/Src/stm32f1xx_hal_rcc.o
 .debug_line    0x000000000000bd14      0x77c Drivers/STM32F1xx_HAL_Driver/Src/stm32f1xx_hal_rcc_ex.o
 .debug_line    0x000000000000c490      0xb49 Drivers/STM32F1xx_HAL_Driver/Src/stm32f1xx_hal_rtc.o
 .debug_line    0x000000000000cfd9     0x1089 Drivers/STM32F1xx_HAL_Driver/Src/stm32f1xx_hal_spi.o
 .debug_line    0x000000000000e062     0x1ff7 Drivers/STM32F1xx_HAL_Driver/Src/stm32f1xx_hal_tim.o
 .debug_line    0x0000000000010059     0x1305 Drivers/STM32F1xx_HAL_Driver/Src/stm32f1xx_hal_tim_ex.o
 .debug_line    0x000000000001135e      0xfdc Drivers/STM32F1xx_HAL_Driver/Src/stm32f1xx_hal_uart.o

.debug_info     0x0000000000000000    0x174bb
 .debug_info    0x0000000000000000       0x22 Core/Startup/startup_stm32f103c8tx.o
 .debug_info    0x0000000000000022     0x142e Core/src/alternating.o
 .debug_info    0x0000000000001450      0x9f5 Core/src/delay.o
 .debug_info    0x0000000000001e45      0xb8a Core/src/dma.o
 .debug_info    0x00000000000029cf      0xb8b Core/src/gpio.o
 .debug_info    0x000000000000355a     0x17c3 Core/src/lcd.o
 .debug_info    0x0000000000004d1d      0xafd Core/src/lcd_init.o
 .debug_info    0x000000000000581a     0x1c16 Core/src/main.o
 .debug_info    0x0000000000007430      0xcfd Core/src/rtc.o
 .debug_info    0x000000000000812d     0x10bc Core/src/spi.o
 .debug_info    0x00000000000091e9      0xae8 Core/src/stm32f1xx_hal_msp.o
 .debug_info    0x0000000000009cd1      0xf6f Core/src/stm32f1xx_it.o
 .debug_info    0x000000000000ac40      0x29a Core/src/system_stm32f1xx.o
 .debug_info    0x000000000000aeda     0x11bd Core/src/tim.o
 .debug_info    0x000000000000c097     0x1024 Core/src/usart.o
 .debug_info    0x000000000000d0bb      0x714 Drivers/STM32F1xx_HAL_Driver/Src/stm32f1xx_hal.o
 .debug_info    0x000000000000d7cf      0xb51 Drivers/STM32F1xx_HAL_Driver/Src/stm32f1xx_hal_cortex.o
 .debug_info    0x000000000000e320      0x7b1 Drivers/STM32F1xx_HAL_Driver/Src/stm32f1xx_hal_dma.o
 .debug_info    0x000000000000ead1      0x69b Drivers/STM32F1xx_HAL_Driver/Src/stm32f1xx_hal_gpio.o
 .debug_info    0x000000000000f16c      0x6e2 Drivers/STM32F1xx_HAL_Driver/Src/stm32f1xx_hal_pwr.o
 .debug_info    0x000000000000f84e      0x80f Drivers/STM32F1xx_HAL_Driver/Src/stm32f1xx_hal_rcc.o
 .debug_info    0x000000000001005d      0x444 Drivers/STM32F1xx_HAL_Driver/Src/stm32f1xx_hal_rcc_ex.o
 .debug_info    0x00000000000104a1      0xd2f Drivers/STM32F1xx_HAL_Driver/Src/stm32f1xx_hal_rtc.o
 .debug_info    0x00000000000111d0     0x1572 Drivers/STM32F1xx_HAL_Driver/Src/stm32f1xx_hal_spi.o
 .debug_info    0x0000000000012742     0x27ef Drivers/STM32F1xx_HAL_Driver/Src/stm32f1xx_hal_tim.o
 .debug_info    0x0000000000014f31     0x136f Drivers/STM32F1xx_HAL_Driver/Src/stm32f1xx_hal_tim_ex.o
 .debug_info    0x00000000000162a0     0x121b Drivers/STM32F1xx_HAL_Driver/Src/stm32f1xx_hal_uart.o

.debug_abbrev   0x0000000000000000     0x347d
 .debug_abbrev  0x0000000000000000       0x12 Core/Startup/startup_stm32f103c8tx.o
 .debug_abbrev  0x0000000000000012      0x281 Core/src/alternating.o
 .debug_abbrev  0x0000000000000293      0x1cd Core/src/delay.o
 .debug_abbrev  0x0000000000000460      0x1c3 Core/src/dma.o
 .debug_abbrev  0x0000000000000623      0x1c5 Core/src/gpio.o
 .debug_abbrev  0x00000000000007e8      0x273 Core/src/lcd.o
 .debug_abbrev  0x0000000000000a5b      0x1f2 Core/src/lcd_init.o
 .debug_abbrev  0x0000000000000c4d      0x25b Core/src/main.o
 .debug_abbrev  0x0000000000000ea8      0x20a Core/src/rtc.o
 .debug_abbrev  0x00000000000010b2      0x20c Core/src/spi.o
 .debug_abbrev  0x00000000000012be      0x1c5 Core/src/stm32f1xx_hal_msp.o
 .debug_abbrev  0x0000000000001483      0x1cb Core/src/stm32f1xx_it.o
 .debug_abbrev  0x000000000000164e      0x134 Core/src/system_stm32f1xx.o
 .debug_abbrev  0x0000000000001782      0x20a Core/src/tim.o
 .debug_abbrev  0x000000000000198c      0x1fb Core/src/usart.o
 .debug_abbrev  0x0000000000001b87      0x1c7 Drivers/STM32F1xx_HAL_Driver/Src/stm32f1xx_hal.o
 .debug_abbrev  0x0000000000001d4e      0x2d5 Drivers/STM32F1xx_HAL_Driver/Src/stm32f1xx_hal_cortex.o
 .debug_abbrev  0x0000000000002023      0x1fe Drivers/STM32F1xx_HAL_Driver/Src/stm32f1xx_hal_dma.o
 .debug_abbrev  0x0000000000002221      0x1c0 Drivers/STM32F1xx_HAL_Driver/Src/stm32f1xx_hal_gpio.o
 .debug_abbrev  0x00000000000023e1      0x1f2 Drivers/STM32F1xx_HAL_Driver/Src/stm32f1xx_hal_pwr.o
 .debug_abbrev  0x00000000000025d3      0x243 Drivers/STM32F1xx_HAL_Driver/Src/stm32f1xx_hal_rcc.o
 .debug_abbrev  0x0000000000002816      0x175 Drivers/STM32F1xx_HAL_Driver/Src/stm32f1xx_hal_rcc_ex.o
 .debug_abbrev  0x000000000000298b      0x20a Drivers/STM32F1xx_HAL_Driver/Src/stm32f1xx_hal_rtc.o
 .debug_abbrev  0x0000000000002b95      0x240 Drivers/STM32F1xx_HAL_Driver/Src/stm32f1xx_hal_spi.o
 .debug_abbrev  0x0000000000002dd5      0x230 Drivers/STM32F1xx_HAL_Driver/Src/stm32f1xx_hal_tim.o
 .debug_abbrev  0x0000000000003005      0x236 Drivers/STM32F1xx_HAL_Driver/Src/stm32f1xx_hal_tim_ex.o
 .debug_abbrev  0x000000000000323b      0x242 Drivers/STM32F1xx_HAL_Driver/Src/stm32f1xx_hal_uart.o

.debug_aranges  0x0000000000000000     0x1188
 .debug_aranges
                0x0000000000000000       0x28 Core/Startup/startup_stm32f103c8tx.o
 .debug_aranges
                0x0000000000000028       0x48 Core/src/alternating.o
 .debug_aranges
                0x0000000000000070       0x28 Core/src/delay.o
 .debug_aranges
                0x0000000000000098       0x20 Core/src/dma.o
 .debug_aranges
                0x00000000000000b8       0x20 Core/src/gpio.o
 .debug_aranges
                0x00000000000000d8       0xc0 Core/src/lcd.o
 .debug_aranges
                0x0000000000000198       0x48 Core/src/lcd_init.o
 .debug_aranges
                0x00000000000001e0       0x38 Core/src/main.o
 .debug_aranges
                0x0000000000000218       0x30 Core/src/rtc.o
 .debug_aranges
                0x0000000000000248       0x30 Core/src/spi.o
 .debug_aranges
                0x0000000000000278       0x20 Core/src/stm32f1xx_hal_msp.o
 .debug_aranges
                0x0000000000000298       0x70 Core/src/stm32f1xx_it.o
 .debug_aranges
                0x0000000000000308       0x28 Core/src/system_stm32f1xx.o
 .debug_aranges
                0x0000000000000330       0x30 Core/src/tim.o
 .debug_aranges
                0x0000000000000360       0x38 Core/src/usart.o
 .debug_aranges
                0x0000000000000398       0xe0 Drivers/STM32F1xx_HAL_Driver/Src/stm32f1xx_hal.o
 .debug_aranges
                0x0000000000000478      0x100 Drivers/STM32F1xx_HAL_Driver/Src/stm32f1xx_hal_cortex.o
 .debug_aranges
                0x0000000000000578       0x80 Drivers/STM32F1xx_HAL_Driver/Src/stm32f1xx_hal_dma.o
 .debug_aranges
                0x00000000000005f8       0x58 Drivers/STM32F1xx_HAL_Driver/Src/stm32f1xx_hal_gpio.o
 .debug_aranges
                0x0000000000000650       0xa8 Drivers/STM32F1xx_HAL_Driver/Src/stm32f1xx_hal_pwr.o
 .debug_aranges
                0x00000000000006f8       0x90 Drivers/STM32F1xx_HAL_Driver/Src/stm32f1xx_hal_rcc.o
 .debug_aranges
                0x0000000000000788       0x30 Drivers/STM32F1xx_HAL_Driver/Src/stm32f1xx_hal_rcc_ex.o
 .debug_aranges
                0x00000000000007b8       0xf8 Drivers/STM32F1xx_HAL_Driver/Src/stm32f1xx_hal_rtc.o
 .debug_aranges
                0x00000000000008b0      0x1d0 Drivers/STM32F1xx_HAL_Driver/Src/stm32f1xx_hal_spi.o
 .debug_aranges
                0x0000000000000a80      0x3d0 Drivers/STM32F1xx_HAL_Driver/Src/stm32f1xx_hal_tim.o
 .debug_aranges
                0x0000000000000e50      0x168 Drivers/STM32F1xx_HAL_Driver/Src/stm32f1xx_hal_tim_ex.o
 .debug_aranges
                0x0000000000000fb8      0x1d0 Drivers/STM32F1xx_HAL_Driver/Src/stm32f1xx_hal_uart.o

.debug_str      0x0000000000000000    0x8f78b
 .debug_str     0x0000000000000000       0x69 Core/Startup/startup_stm32f103c8tx.o
 .debug_str     0x0000000000000069    0x8ab98 Core/src/alternating.o
                                      0x8afdd (size before relaxing)
 .debug_str     0x000000000008ac01       0x26 Core/src/delay.o
                                      0x8a4d6 (size before relaxing)
 .debug_str     0x000000000008ac27      0x2cc Core/src/dma.o
                                      0x8a32f (size before relaxing)
 .debug_str     0x000000000008aef3       0x72 Core/src/gpio.o
                                      0x8a0d5 (size before relaxing)
 .debug_str     0x000000000008af65      0x1da Core/src/lcd.o
                                      0x8ac9a (size before relaxing)
 .debug_str     0x000000000008b13f       0x61 Core/src/lcd_init.o
                                      0x8a923 (size before relaxing)
 .debug_str     0x000000000008b1a0      0xe68 Core/src/main.o
                                      0x8be67 (size before relaxing)
 .debug_str     0x000000000008c008       0x76 Core/src/rtc.o
                                      0x8a245 (size before relaxing)
 .debug_str     0x000000000008c07e       0x86 Core/src/spi.o
                                      0x8a4f2 (size before relaxing)
 .debug_str     0x000000000008c104       0x2c Core/src/stm32f1xx_hal_msp.o
                                      0x8a08d (size before relaxing)
 .debug_str     0x000000000008c130       0xd6 Core/src/stm32f1xx_it.o
                                      0x8a59d (size before relaxing)
 .debug_str     0x000000000008c206       0x52 Core/src/system_stm32f1xx.o
                                      0x85d05 (size before relaxing)
 .debug_str     0x000000000008c258       0xf7 Core/src/tim.o
                                      0x8a8f4 (size before relaxing)
 .debug_str     0x000000000008c34f       0x6b Core/src/usart.o
                                      0x8a4bb (size before relaxing)
 .debug_str     0x000000000008c3ba      0x2fa Drivers/STM32F1xx_HAL_Driver/Src/stm32f1xx_hal.o
                                      0x86396 (size before relaxing)
 .debug_str     0x000000000008c6b4      0x300 Drivers/STM32F1xx_HAL_Driver/Src/stm32f1xx_hal_cortex.o
                                      0x8639e (size before relaxing)
 .debug_str     0x000000000008c9b4      0x230 Drivers/STM32F1xx_HAL_Driver/Src/stm32f1xx_hal_dma.o
                                      0x860e0 (size before relaxing)
 .debug_str     0x000000000008cbe4      0x31f Drivers/STM32F1xx_HAL_Driver/Src/stm32f1xx_hal_gpio.o
                                      0x860c9 (size before relaxing)
 .debug_str     0x000000000008cf03      0x507 Drivers/STM32F1xx_HAL_Driver/Src/stm32f1xx_hal_pwr.o
                                      0x86268 (size before relaxing)
 .debug_str     0x000000000008d40a      0x243 Drivers/STM32F1xx_HAL_Driver/Src/stm32f1xx_hal_rcc.o
                                      0x86102 (size before relaxing)
 .debug_str     0x000000000008d64d       0xb9 Drivers/STM32F1xx_HAL_Driver/Src/stm32f1xx_hal_rcc_ex.o
                                      0x85e8f (size before relaxing)
 .debug_str     0x000000000008d706      0x33f Drivers/STM32F1xx_HAL_Driver/Src/stm32f1xx_hal_rtc.o
                                      0x86215 (size before relaxing)
 .debug_str     0x000000000008da45      0x54e Drivers/STM32F1xx_HAL_Driver/Src/stm32f1xx_hal_spi.o
                                      0x8660a (size before relaxing)
 .debug_str     0x000000000008df93      0xdbd Drivers/STM32F1xx_HAL_Driver/Src/stm32f1xx_hal_tim.o
                                      0x870d4 (size before relaxing)
 .debug_str     0x000000000008ed50      0x517 Drivers/STM32F1xx_HAL_Driver/Src/stm32f1xx_hal_tim_ex.o
                                      0x868ae (size before relaxing)
 .debug_str     0x000000000008f267      0x524 Drivers/STM32F1xx_HAL_Driver/Src/stm32f1xx_hal_uart.o
                                      0x86608 (size before relaxing)

.debug_ranges   0x0000000000000000      0xfe0
 .debug_ranges  0x0000000000000000       0x20 Core/Startup/startup_stm32f103c8tx.o
 .debug_ranges  0x0000000000000020       0x38 Core/src/alternating.o
 .debug_ranges  0x0000000000000058       0x18 Core/src/delay.o
 .debug_ranges  0x0000000000000070       0x10 Core/src/dma.o
 .debug_ranges  0x0000000000000080       0x10 Core/src/gpio.o
 .debug_ranges  0x0000000000000090       0xb0 Core/src/lcd.o
 .debug_ranges  0x0000000000000140       0x38 Core/src/lcd_init.o
 .debug_ranges  0x0000000000000178       0x28 Core/src/main.o
 .debug_ranges  0x00000000000001a0       0x20 Core/src/rtc.o
 .debug_ranges  0x00000000000001c0       0x20 Core/src/spi.o
 .debug_ranges  0x00000000000001e0       0x10 Core/src/stm32f1xx_hal_msp.o
 .debug_ranges  0x00000000000001f0       0x60 Core/src/stm32f1xx_it.o
 .debug_ranges  0x0000000000000250       0x18 Core/src/system_stm32f1xx.o
 .debug_ranges  0x0000000000000268       0x20 Core/src/tim.o
 .debug_ranges  0x0000000000000288       0x28 Core/src/usart.o
 .debug_ranges  0x00000000000002b0       0xd0 Drivers/STM32F1xx_HAL_Driver/Src/stm32f1xx_hal.o
 .debug_ranges  0x0000000000000380       0xf0 Drivers/STM32F1xx_HAL_Driver/Src/stm32f1xx_hal_cortex.o
 .debug_ranges  0x0000000000000470       0x70 Drivers/STM32F1xx_HAL_Driver/Src/stm32f1xx_hal_dma.o
 .debug_ranges  0x00000000000004e0       0x48 Drivers/STM32F1xx_HAL_Driver/Src/stm32f1xx_hal_gpio.o
 .debug_ranges  0x0000000000000528       0x98 Drivers/STM32F1xx_HAL_Driver/Src/stm32f1xx_hal_pwr.o
 .debug_ranges  0x00000000000005c0       0x80 Drivers/STM32F1xx_HAL_Driver/Src/stm32f1xx_hal_rcc.o
 .debug_ranges  0x0000000000000640       0x20 Drivers/STM32F1xx_HAL_Driver/Src/stm32f1xx_hal_rcc_ex.o
 .debug_ranges  0x0000000000000660       0xe8 Drivers/STM32F1xx_HAL_Driver/Src/stm32f1xx_hal_rtc.o
 .debug_ranges  0x0000000000000748      0x1c0 Drivers/STM32F1xx_HAL_Driver/Src/stm32f1xx_hal_spi.o
 .debug_ranges  0x0000000000000908      0x3c0 Drivers/STM32F1xx_HAL_Driver/Src/stm32f1xx_hal_tim.o
 .debug_ranges  0x0000000000000cc8      0x158 Drivers/STM32F1xx_HAL_Driver/Src/stm32f1xx_hal_tim_ex.o
 .debug_ranges  0x0000000000000e20      0x1c0 Drivers/STM32F1xx_HAL_Driver/Src/stm32f1xx_hal_uart.o

.debug_macro    0x0000000000000000    0x1af8d
 .debug_macro   0x0000000000000000      0x374 Core/src/alternating.o
 .debug_macro   0x0000000000000374      0xa5a Core/src/alternating.o
 .debug_macro   0x0000000000000dce      0x22d Core/src/alternating.o
 .debug_macro   0x0000000000000ffb       0x2e Core/src/alternating.o
 .debug_macro   0x0000000000001029       0x22 Core/src/alternating.o
 .debug_macro   0x000000000000104b       0x22 Core/src/alternating.o
 .debug_macro   0x000000000000106d       0x8e Core/src/alternating.o
 .debug_macro   0x00000000000010fb       0x51 Core/src/alternating.o
 .debug_macro   0x000000000000114c       0xef Core/src/alternating.o
 .debug_macro   0x000000000000123b       0x6a Core/src/alternating.o
 .debug_macro   0x00000000000012a5      0x1df Core/src/alternating.o
 .debug_macro   0x0000000000001484       0x1c Core/src/alternating.o
 .debug_macro   0x00000000000014a0       0x22 Core/src/alternating.o
 .debug_macro   0x00000000000014c2       0xc3 Core/src/alternating.o
 .debug_macro   0x0000000000001585      0xd23 Core/src/alternating.o
 .debug_macro   0x00000000000022a8     0xe097 Core/src/alternating.o
 .debug_macro   0x000000000001033f       0x43 Core/src/alternating.o
 .debug_macro   0x0000000000010382     0x3468 Core/src/alternating.o
 .debug_macro   0x00000000000137ea      0x174 Core/src/alternating.o
 .debug_macro   0x000000000001395e       0x5c Core/src/alternating.o
 .debug_macro   0x00000000000139ba      0x5be Core/src/alternating.o
 .debug_macro   0x0000000000013f78      0x289 Core/src/alternating.o
 .debug_macro   0x0000000000014201      0x1cb Core/src/alternating.o
 .debug_macro   0x00000000000143cc      0x114 Core/src/alternating.o
 .debug_macro   0x00000000000144e0      0x1b2 Core/src/alternating.o
 .debug_macro   0x0000000000014692       0x27 Core/src/alternating.o
 .debug_macro   0x00000000000146b9      0x136 Core/src/alternating.o
 .debug_macro   0x00000000000147ef      0x1bc Core/src/alternating.o
 .debug_macro   0x00000000000149ab       0x34 Core/src/alternating.o
 .debug_macro   0x00000000000149df       0x3c Core/src/alternating.o
 .debug_macro   0x0000000000014a1b       0x57 Core/src/alternating.o
 .debug_macro   0x0000000000014a72       0x88 Core/src/alternating.o
 .debug_macro   0x0000000000014afa      0x241 Core/src/alternating.o
 .debug_macro   0x0000000000014d3b      0x141 Core/src/alternating.o
 .debug_macro   0x0000000000014e7c      0x1ef Core/src/alternating.o
 .debug_macro   0x000000000001506b       0xec Core/src/alternating.o
 .debug_macro   0x0000000000015157      0x217 Core/src/alternating.o
 .debug_macro   0x000000000001536e      0x8d1 Core/src/alternating.o
 .debug_macro   0x0000000000015c3f      0x26b Core/src/alternating.o
 .debug_macro   0x0000000000015eaa       0x83 Core/src/alternating.o
 .debug_macro   0x0000000000015f2d       0x46 Core/src/alternating.o
 .debug_macro   0x0000000000015f73       0x18 Core/src/alternating.o
 .debug_macro   0x0000000000015f8b       0x3c Core/src/alternating.o
 .debug_macro   0x0000000000015fc7       0x34 Core/src/alternating.o
 .debug_macro   0x0000000000015ffb       0x16 Core/src/alternating.o
 .debug_macro   0x0000000000016011       0x35 Core/src/alternating.o
 .debug_macro   0x0000000000016046      0x32a Core/src/alternating.o
 .debug_macro   0x0000000000016370       0x10 Core/src/alternating.o
 .debug_macro   0x0000000000016380       0x52 Core/src/alternating.o
 .debug_macro   0x00000000000163d2       0x1f Core/src/alternating.o
 .debug_macro   0x00000000000163f1       0x43 Core/src/alternating.o
 .debug_macro   0x0000000000016434       0x20 Core/src/alternating.o
 .debug_macro   0x0000000000016454      0x1a3 Core/src/alternating.o
 .debug_macro   0x00000000000165f7       0x10 Core/src/alternating.o
 .debug_macro   0x0000000000016607       0x1c Core/src/alternating.o
 .debug_macro   0x0000000000016623       0x52 Core/src/alternating.o
 .debug_macro   0x0000000000016675       0x40 Core/src/alternating.o
 .debug_macro   0x00000000000166b5       0x10 Core/src/alternating.o
 .debug_macro   0x00000000000166c5       0x40 Core/src/alternating.o
 .debug_macro   0x0000000000016705       0xd7 Core/src/alternating.o
 .debug_macro   0x00000000000167dc       0x1c Core/src/alternating.o
 .debug_macro   0x00000000000167f8       0x3d Core/src/alternating.o
 .debug_macro   0x0000000000016835       0x16 Core/src/alternating.o
 .debug_macro   0x000000000001684b      0x145 Core/src/alternating.o
 .debug_macro   0x0000000000016990       0xb2 Core/src/alternating.o
 .debug_macro   0x0000000000016a42       0xdc Core/src/alternating.o
 .debug_macro   0x0000000000016b1e       0x70 Core/src/alternating.o
 .debug_macro   0x0000000000016b8e       0x88 Core/src/alternating.o
 .debug_macro   0x0000000000016c16       0x16 Core/src/alternating.o
 .debug_macro   0x0000000000016c2c      0x343 Core/src/delay.o
 .debug_macro   0x0000000000016f6f       0xd6 Core/src/delay.o
 .debug_macro   0x0000000000017045      0x330 Core/src/dma.o
 .debug_macro   0x0000000000017375      0x330 Core/src/gpio.o
 .debug_macro   0x00000000000176a5      0x361 Core/src/lcd.o
 .debug_macro   0x0000000000017a06       0x82 Core/src/lcd.o
 .debug_macro   0x0000000000017a88       0x76 Core/src/lcd.o
 .debug_macro   0x0000000000017afe      0x348 Core/src/lcd_init.o
 .debug_macro   0x0000000000017e46      0x3c3 Core/src/main.o
 .debug_macro   0x0000000000018209      0x287 Core/src/main.o
 .debug_macro   0x0000000000018490      0x330 Core/src/rtc.o
 .debug_macro   0x00000000000187c0      0x330 Core/src/spi.o
 .debug_macro   0x0000000000018af0      0x326 Core/src/stm32f1xx_hal_msp.o
 .debug_macro   0x0000000000018e16      0x330 Core/src/stm32f1xx_it.o
 .debug_macro   0x0000000000019146      0x1c1 Core/src/system_stm32f1xx.o
 .debug_macro   0x0000000000019307      0x330 Core/src/tim.o
 .debug_macro   0x0000000000019637      0x330 Core/src/usart.o
 .debug_macro   0x0000000000019967      0x1e5 Drivers/STM32F1xx_HAL_Driver/Src/stm32f1xx_hal.o
 .debug_macro   0x0000000000019b4c      0x1c1 Drivers/STM32F1xx_HAL_Driver/Src/stm32f1xx_hal_cortex.o
 .debug_macro   0x0000000000019d0d      0x1c1 Drivers/STM32F1xx_HAL_Driver/Src/stm32f1xx_hal_dma.o
 .debug_macro   0x0000000000019ece      0x22c Drivers/STM32F1xx_HAL_Driver/Src/stm32f1xx_hal_gpio.o
 .debug_macro   0x000000000001a0fa      0x221 Drivers/STM32F1xx_HAL_Driver/Src/stm32f1xx_hal_pwr.o
 .debug_macro   0x000000000001a31b      0x1d3 Drivers/STM32F1xx_HAL_Driver/Src/stm32f1xx_hal_rcc.o
 .debug_macro   0x000000000001a4ee      0x1c1 Drivers/STM32F1xx_HAL_Driver/Src/stm32f1xx_hal_rcc_ex.o
 .debug_macro   0x000000000001a6af      0x1d0 Drivers/STM32F1xx_HAL_Driver/Src/stm32f1xx_hal_rtc.o
 .debug_macro   0x000000000001a87f      0x1c9 Drivers/STM32F1xx_HAL_Driver/Src/stm32f1xx_hal_spi.o
 .debug_macro   0x000000000001aa48      0x1c2 Drivers/STM32F1xx_HAL_Driver/Src/stm32f1xx_hal_tim.o
 .debug_macro   0x000000000001ac0a      0x1c1 Drivers/STM32F1xx_HAL_Driver/Src/stm32f1xx_hal_tim_ex.o
 .debug_macro   0x000000000001adcb      0x1c2 Drivers/STM32F1xx_HAL_Driver/Src/stm32f1xx_hal_uart.o

.comment        0x0000000000000000       0x7b
 .comment       0x0000000000000000       0x7b Core/src/alternating.o
                                         0x7c (size before relaxing)
 .comment       0x000000000000007b       0x7c Core/src/delay.o
 .comment       0x000000000000007b       0x7c Core/src/dma.o
 .comment       0x000000000000007b       0x7c Core/src/gpio.o
 .comment       0x000000000000007b       0x7c Core/src/lcd.o
 .comment       0x000000000000007b       0x7c Core/src/lcd_init.o
 .comment       0x000000000000007b       0x7c Core/src/main.o
 .comment       0x000000000000007b       0x7c Core/src/rtc.o
 .comment       0x000000000000007b       0x7c Core/src/spi.o
 .comment       0x000000000000007b       0x7c Core/src/stm32f1xx_hal_msp.o
 .comment       0x000000000000007b       0x7c Core/src/stm32f1xx_it.o
 .comment       0x000000000000007b       0x7c Core/src/system_stm32f1xx.o
 .comment       0x000000000000007b       0x7c Core/src/tim.o
 .comment       0x000000000000007b       0x7c Core/src/usart.o
 .comment       0x000000000000007b       0x7c Drivers/STM32F1xx_HAL_Driver/Src/stm32f1xx_hal.o
 .comment       0x000000000000007b       0x7c Drivers/STM32F1xx_HAL_Driver/Src/stm32f1xx_hal_cortex.o
 .comment       0x000000000000007b       0x7c Drivers/STM32F1xx_HAL_Driver/Src/stm32f1xx_hal_dma.o
 .comment       0x000000000000007b       0x7c Drivers/STM32F1xx_HAL_Driver/Src/stm32f1xx_hal_gpio.o
 .comment       0x000000000000007b       0x7c Drivers/STM32F1xx_HAL_Driver/Src/stm32f1xx_hal_pwr.o
 .comment       0x000000000000007b       0x7c Drivers/STM32F1xx_HAL_Driver/Src/stm32f1xx_hal_rcc.o
 .comment       0x000000000000007b       0x7c Drivers/STM32F1xx_HAL_Driver/Src/stm32f1xx_hal_rcc_ex.o
 .comment       0x000000000000007b       0x7c Drivers/STM32F1xx_HAL_Driver/Src/stm32f1xx_hal_rtc.o
 .comment       0x000000000000007b       0x7c Drivers/STM32F1xx_HAL_Driver/Src/stm32f1xx_hal_spi.o
 .comment       0x000000000000007b       0x7c Drivers/STM32F1xx_HAL_Driver/Src/stm32f1xx_hal_tim.o
 .comment       0x000000000000007b       0x7c Drivers/STM32F1xx_HAL_Driver/Src/stm32f1xx_hal_tim_ex.o
 .comment       0x000000000000007b       0x7c Drivers/STM32F1xx_HAL_Driver/Src/stm32f1xx_hal_uart.o

.debug_frame    0x0000000000000000     0x46e4
 .debug_frame   0x0000000000000000       0xf0 Core/src/alternating.o
 .debug_frame   0x00000000000000f0       0x60 Core/src/delay.o
 .debug_frame   0x0000000000000150       0x34 Core/src/dma.o
 .debug_frame   0x0000000000000184       0x34 Core/src/gpio.o
 .debug_frame   0x00000000000001b8      0x354 Core/src/lcd.o
 .debug_frame   0x000000000000050c       0xe4 Core/src/lcd_init.o
 .debug_frame   0x00000000000005f0       0x98 Core/src/main.o
 .debug_frame   0x0000000000000688       0x80 Core/src/rtc.o
 .debug_frame   0x0000000000000708       0x74 Core/src/spi.o
 .debug_frame   0x000000000000077c       0x38 Core/src/stm32f1xx_hal_msp.o
 .debug_frame   0x00000000000007b4      0x144 Core/src/stm32f1xx_it.o
 .debug_frame   0x00000000000008f8       0x58 Core/src/system_stm32f1xx.o
 .debug_frame   0x0000000000000950       0x7c Core/src/tim.o
 .debug_frame   0x00000000000009cc       0x90 Core/src/usart.o
 .debug_frame   0x0000000000000a5c      0x334 Drivers/STM32F1xx_HAL_Driver/Src/stm32f1xx_hal.o
 .debug_frame   0x0000000000000d90      0x428 Drivers/STM32F1xx_HAL_Driver/Src/stm32f1xx_hal_cortex.o
 .debug_frame   0x00000000000011b8      0x208 Drivers/STM32F1xx_HAL_Driver/Src/stm32f1xx_hal_dma.o
 .debug_frame   0x00000000000013c0      0x14c Drivers/STM32F1xx_HAL_Driver/Src/stm32f1xx_hal_gpio.o
 .debug_frame   0x000000000000150c      0x270 Drivers/STM32F1xx_HAL_Driver/Src/stm32f1xx_hal_pwr.o
 .debug_frame   0x000000000000177c      0x21c Drivers/STM32F1xx_HAL_Driver/Src/stm32f1xx_hal_rcc.o
 .debug_frame   0x0000000000001998       0x84 Drivers/STM32F1xx_HAL_Driver/Src/stm32f1xx_hal_rcc_ex.o
 .debug_frame   0x0000000000001a1c      0x434 Drivers/STM32F1xx_HAL_Driver/Src/stm32f1xx_hal_rtc.o
 .debug_frame   0x0000000000001e50      0x824 Drivers/STM32F1xx_HAL_Driver/Src/stm32f1xx_hal_spi.o
 .debug_frame   0x0000000000002674     0x11b8 Drivers/STM32F1xx_HAL_Driver/Src/stm32f1xx_hal_tim.o
 .debug_frame   0x000000000000382c      0x638 Drivers/STM32F1xx_HAL_Driver/Src/stm32f1xx_hal_tim_ex.o
 .debug_frame   0x0000000000003e64      0x834 Drivers/STM32F1xx_HAL_Driver/Src/stm32f1xx_hal_uart.o
 .debug_frame   0x0000000000004698       0x2c e:/ide/stm32cubeide_1.4.0/stm32cubeide/plugins/com.st.stm32cube.ide.mcu.externaltools.gnu-tools-for-stm32.7-2018-q2-update.win32_1.4.0.202007081208/tools/bin/../lib/gcc/arm-none-eabi/7.3.1/../../../../arm-none-eabi/lib/thumb/v7-m\libc_nano.a(lib_a-init.o)
 .debug_frame   0x00000000000046c4       0x20 e:/ide/stm32cubeide_1.4.0/stm32cubeide/plugins/com.st.stm32cube.ide.mcu.externaltools.gnu-tools-for-stm32.7-2018-q2-update.win32_1.4.0.202007081208/tools/bin/../lib/gcc/arm-none-eabi/7.3.1/../../../../arm-none-eabi/lib/thumb/v7-m\libc_nano.a(lib_a-memset.o)
