bsp.c:10:5:SPI_ExchangeByte	24	static
bsp.c:37:5:L01_ReadSingleReg	24	static
bsp.c:53:6:L01_WriteSingleReg	16	static
bsp.c:65:6:L01_WriteMultiReg	32	static
bsp.c:78:6:L01_FlushTX	8	static
bsp.c:88:6:L01_FlushRX	8	static
bsp.c:95:5:L01_ReadStatusReg	16	static
bsp.c:108:6:L01_ClearIRQ	24	static
bsp.c:127:5:L01_ReadIRQSource	8	static
bsp.c:135:5:L01_ReadTopFIFOWidth	16	static
bsp.c:152:5:L01_ReadRXPayload	32	static
bsp.c:173:6:L01_WriteTXPayload_Ack	24	static
bsp.c:189:6:L01_WriteTXPayload_NoAck	16	static
bsp.c:203:6:L01_SetTXAddr	24	static
bsp.c:213:6:L01_SetRXAddr	32	static
bsp.c:225:6:L01_SetSpeed	24	static
bsp.c:246:6:L01_SetPower	24	static
bsp.c:265:6:L01_WriteHoppingPoint	16	static
bsp.c:274:6:L01_SetTRMode	24	static
bsp.c:286:6:L01_Init	40	static
