drv_RF24L01.c:32:9:NRF24L01_Read_Reg	24	static
drv_RF24L01.c:55:6:NRF24L01_Read_Buf	32	static
drv_RF24L01.c:75:6:NRF24L01_Write_Reg	16	static
drv_RF24L01.c:94:6:NRF24L01_Write_Buf	24	static
drv_RF24L01.c:115:6:NRF24L01_Flush_Tx_Fifo	8	static
drv_RF24L01.c:130:6:NRF24L01_Flush_Rx_Fifo	8	static
drv_RF24L01.c:145:6:NRF24L01_Reuse_Tx_Payload	8	static
drv_RF24L01.c:160:6:NRF24L01_Nop	8	static
drv_RF24L01.c:175:9:NRF24L01_Read_Status_Register	16	static
drv_RF24L01.c:195:9:NRF24L01_Clear_IRQ_Flag	24	static
drv_RF24L01.c:216:9:RF24L01_Read_IRQ_Status	8	static
drv_RF24L01.c:227:9:NRF24L01_Read_Top_Fifo_Width	16	static
drv_RF24L01.c:248:9:NRF24L01_Read_Rx_Payload	32	static
drv_RF24L01.c:276:6:NRF24L01_Write_Tx_Payload_Ack	24	static
drv_RF24L01.c:301:6:NRF24L01_Write_Tx_Payload_NoAck	16	static
drv_RF24L01.c:326:6:NRF24L01_Write_Tx_Payload_InAck	24	static
drv_RF24L01.c:349:6:NRF24L01_Set_TxAddr	16	static
drv_RF24L01.c:364:6:NRF24L01_Set_RxAddr	16	static
drv_RF24L01.c:379:6:NRF24L01_Set_Speed	24	static
drv_RF24L01.c:409:6:NRF24L01_Set_Power	24	static
drv_RF24L01.c:441:6:RF24LL01_Write_Hopping_Point	16	static
drv_RF24L01.c:452:6:NRF24L01_check	24	static
drv_RF24L01.c:489:6:RF24L01_Set_Mode	24	static
drv_RF24L01.c:520:9:NRF24L01_TxPacket	24	static
drv_RF24L01.c:566:9:NRF24L01_RxPacket	24	static
drv_RF24L01.c:606:6:NRF24L01_Gpio_Init	8	static
drv_RF24L01.c:622:6:RF24L01_Init	16	static
