spi01.c:11:5:SPI_ExchangeByte	24	static
spi01.c:38:5:L01_ReadSingleReg	24	static
spi01.c:57:6:L01_WriteSingleReg	16	static
spi01.c:69:6:L01_WriteMultiReg	32	static
spi01.c:82:6:L01_FlushTX	8	static
spi01.c:92:6:L01_FlushRX	8	static
spi01.c:99:5:L01_ReadStatusReg	16	static
spi01.c:112:6:L01_ClearIRQ	24	static
spi01.c:131:5:L01_ReadIRQSource	8	static
spi01.c:139:5:L01_ReadTopFIFOWidth	16	static
spi01.c:156:5:L01_ReadRXPayload	32	static
spi01.c:177:6:L01_WriteTXPayload_Ack	24	static
spi01.c:193:6:L01_WriteTXPayload_NoAck	16	static
spi01.c:207:6:L01_SetTXAddr	24	static
spi01.c:217:6:L01_SetRXAddr	32	static
spi01.c:229:6:L01_SetSpeed	24	static
spi01.c:250:6:L01_SetPower	24	static
spi01.c:269:6:L01_WriteHoppingPoint	16	static
spi01.c:278:6:L01_SetTRMode	24	static
spi01.c:290:6:L01_Init	40	static
